2026-08-16 23:26:30
PHP UID: uid=48(apache) gid=48(apache) groups=48(apache) context=system_u:system_r:httpd_t:s0
PHP SELINUX: system_u:system_r:httpd_t:s0
PHP TMP: drwxrwxrwt. 2 root root 6 Aug 13 15:30 /tmp
PHP KIT: ls: cannot access '/tmp/onboarding_kit': No such file or directory
PHP KIT FILE: cat: /tmp/onboarding_kit/TICKET_4471.txt: No such file or directory

2026-08-16 23:27:26
PHP UID: uid=48(apache) gid=48(apache) groups=48(apache) context=system_u:system_r:httpd_t:s0
PHP SELINUX: system_u:system_r:httpd_t:s0
PHP TMP: drwxrwxrwt. 2 root root 6 Aug 13 15:30 /tmp
PHP KIT: ls: cannot access '/tmp/onboarding_kit': No such file or directory
PHP KIT FILE: cat: /tmp/onboarding_kit/TICKET_4471.txt: No such file or directory

2026-08-16 23:27:45
PHP UID: uid=48(apache) gid=48(apache) groups=48(apache) context=system_u:system_r:httpd_t:s0
PHP SELINUX: system_u:system_r:httpd_t:s0
PHP TMP: drwxrwxrwt. 2 root root 6 Aug 13 15:30 /tmp
PHP KIT: ls: cannot access '/tmp/onboarding_kit': No such file or directory
PHP KIT FILE: cat: /tmp/onboarding_kit/TICKET_4471.txt: No such file or directory

2026-08-24 15:14:33 USER=saim.ali LAB=lab208 IP=192.168.111.113 STATUS=1 OUTPUT_LINES=1
Error: SSH student identity verification failed.
============================================
COUNT RESULT: TOTAL=0 PASSED=0 PERCENTAGE=0
TEST Mon Aug 24 12:29:18 PM EDT 2026

2026-08-24 16:32:54
GUEST IP URL: https://192.168.111.253/api/vcenter/vm/vm-41/guest/networking/interfaces
GUEST IP VM ID: vm-41
GUEST IP HTTP CODE: 200
GUEST IP CURL ERROR: 
GUEST IP RESPONSE: [{"mac_address":"00:50:56:bd:a8:8d","ip":{"ip_addresses":[{"ip_address":"192.168.111.113","prefix_length":24,"state":"PREFERRED"},{"ip_address":"fe80::250:56ff:febd:a88d","prefix_length":64,"state":"UNKNOWN"}]},"nic":"4000"}]

2026-08-24 17:08:06
GUEST IP URL: https://192.168.111.253/api/vcenter/vm/vm-48/guest/networking/interfaces
GUEST IP VM ID: vm-48
GUEST IP HTTP CODE: 200
GUEST IP CURL ERROR: 
GUEST IP RESPONSE: [{"mac_address":"00:50:56:bd:97:25","ip":{"ip_addresses":[{"ip_address":"192.168.111.188","prefix_length":24,"state":"PREFERRED"},{"ip_address":"fe80::250:56ff:febd:9725","prefix_length":64,"state":"UNKNOWN"}]},"nic":"4000"}]

2026-08-24 17:08:24
GUEST IP URL: https://192.168.111.253/api/vcenter/vm/vm-48/guest/networking/interfaces
GUEST IP VM ID: vm-48
GUEST IP HTTP CODE: 200
GUEST IP CURL ERROR: 
GUEST IP RESPONSE: [{"mac_address":"00:50:56:bd:97:25","ip":{"ip_addresses":[{"ip_address":"192.168.111.188","prefix_length":24,"state":"PREFERRED"},{"ip_address":"fe80::250:56ff:febd:9725","prefix_length":64,"state":"UNKNOWN"}]},"nic":"4000"}]

2026-08-24 17:09:48
GUEST IP URL: https://192.168.111.253/api/vcenter/vm/vm-48/guest/networking/interfaces
GUEST IP VM ID: vm-48
GUEST IP HTTP CODE: 200
GUEST IP CURL ERROR: 
GUEST IP RESPONSE: [{"mac_address":"00:50:56:bd:97:25","ip":{"ip_addresses":[{"ip_address":"192.168.111.188","prefix_length":24,"state":"PREFERRED"},{"ip_address":"fe80::250:56ff:febd:9725","prefix_length":64,"state":"UNKNOWN"}]},"nic":"4000"}]

2026-08-24 17:11:35
GUEST IP URL: https://192.168.111.253/api/vcenter/vm/vm-48/guest/networking/interfaces
GUEST IP VM ID: vm-48
GUEST IP HTTP CODE: 200
GUEST IP CURL ERROR: 
GUEST IP RESPONSE: [{"mac_address":"00:50:56:bd:97:25","ip":{"ip_addresses":[{"ip_address":"192.168.111.188","prefix_length":24,"state":"PREFERRED"},{"ip_address":"fe80::250:56ff:febd:9725","prefix_length":64,"state":"UNKNOWN"}]},"nic":"4000"}]

2026-08-24 17:13:27
GUEST IP URL: https://192.168.111.253/api/vcenter/vm/vm-48/guest/networking/interfaces
GUEST IP VM ID: vm-48
GUEST IP HTTP CODE: 200
GUEST IP CURL ERROR: 
GUEST IP RESPONSE: [{"mac_address":"00:50:56:bd:97:25","ip":{"ip_addresses":[{"ip_address":"192.168.111.188","prefix_length":24,"state":"PREFERRED"},{"ip_address":"fe80::250:56ff:febd:9725","prefix_length":64,"state":"UNKNOWN"}]},"nic":"4000"}]

2026-08-24 17:18:01
GUEST IP URL: https://192.168.111.253/api/vcenter/vm/vm-48/guest/networking/interfaces
GUEST IP VM ID: vm-48
GUEST IP HTTP CODE: 200
GUEST IP CURL ERROR: 
GUEST IP RESPONSE: [{"mac_address":"00:50:56:bd:97:25","ip":{"ip_addresses":[{"ip_address":"192.168.111.188","prefix_length":24,"state":"PREFERRED"},{"ip_address":"fe80::250:56ff:febd:9725","prefix_length":64,"state":"UNKNOWN"}]},"nic":"4000"}]

2026-08-24 17:18:15
GUEST IP URL: https://192.168.111.253/api/vcenter/vm/vm-48/guest/networking/interfaces
GUEST IP VM ID: vm-48
GUEST IP HTTP CODE: 200
GUEST IP CURL ERROR: 
GUEST IP RESPONSE: [{"mac_address":"00:50:56:bd:97:25","ip":{"ip_addresses":[{"ip_address":"192.168.111.188","prefix_length":24,"state":"PREFERRED"},{"ip_address":"fe80::250:56ff:febd:9725","prefix_length":64,"state":"UNKNOWN"}]},"nic":"4000"}]

2026-08-24 17:22:32
GUEST IP URL: https://192.168.111.253/api/vcenter/vm/vm-41/guest/networking/interfaces
GUEST IP VM ID: vm-41
GUEST IP HTTP CODE: 200
GUEST IP CURL ERROR: 
GUEST IP RESPONSE: [{"mac_address":"00:50:56:bd:a8:8d","ip":{"ip_addresses":[{"ip_address":"192.168.111.113","prefix_length":24,"state":"PREFERRED"},{"ip_address":"fe80::250:56ff:febd:a88d","prefix_length":64,"state":"UNKNOWN"}]},"nic":"4000"}]
2026-08-24 17:45:54 USER=amir.test LAB=lab208 IP=192.168.111.188 STATUS=0 OUTPUT_LINES=140
Sit tight. Validation of your lab208 is in process. Good luck.....
Warning: Permanently added '192.168.111.188' (ED25519) to the list of known hosts.
Checking Lab 208 - Linux File Links: Hard Links and Soft Links...
<div class='validation-pass'>✓ Task 1: links_lab directory structure created successfully – Pass</div>
<div class='validation-pass'>✓ Task 2: customer.txt created with required original content – Pass</div>
<div class='validation-pass'>✓ Task 3: customer hard-link workflow completed – Pass</div>
<div class='validation-pass'>✓ Task 4: hard-link inode relationship workflow completed – Pass</div>
<div class='validation-fail'>✗ Task 5: Task 5 evidence is missing or Last Updated entry is incorrect – Fail</div>
<div class='validation-fail'>✗ Task 6: Task 6 evidence is missing or Reporting Team update is incorrect – Fail</div>
<div class='validation-pass'>✓ Task 7: customer symbolic-link workflow completed – Pass</div>
<div class='validation-pass'>✓ Task 8: hard-link and symbolic-link comparison workflow completed – Pass</div>
<div class='validation-pass'>✓ Task 9: application log hard-link workflow completed – Pass</div>
<div class='validation-pass'>✓ Task 10: application log symbolic-link workflow completed – Pass</div>
<div class='validation-pass'>✓ Task 11: hard link, symbolic link, and file copy behavior demonstrated – Pass</div>
<div class='validation-pass'>✓ Task 12: original customer file deletion and hard-link workflow completed – Pass</div>
<div class='validation-pass'>✓ Task 13: symbolic-link broken-target workflow completed – Pass</div>
<div class='validation-pass'>✓ Task 14: customer.txt successfully recreated with restored content – Pass</div>
<div class='validation-pass'>✓ Task 15: production_data symbolic-link workflow completed – Pass</div>
<div class='validation-pass'>✓ Task 16: symbolic-link target moved and broken-link behavior demonstrated – Pass</div>
<div class='validation-pass'>✓ Task 17: links safely removed and lab files preserved – Pass</div>
<style>
.validation-pass {
    margin:6px 0;
    padding:10px 14px;
    background:#DCFCE7;
    color:#166534;
    border-left:5px solid #22C55E;
    border-radius:6px;
    font-weight:600;
}

.validation-fail {
    margin:6px 0;
    padding:10px 14px;
    background:#FEE2E2;
    color:#991B1B;
    border-left:5px solid #EF4444;
    border-radius:6px;
    font-weight:600;
}

.lab-summary {
    margin-top:25px;
    padding:28px;
    border-radius:14px;
    text-align:center;
    background:#0f172a;
    border:2px solid #38bdf8;
    color:#fff;
}

.lab-summary-title {
    font-size:24px;
    font-weight:700;
    margin-bottom:20px;
    color:#38bdf8;
}

.lab-summary-info {
    text-align:left;
    max-width:650px;
    margin:0 auto 20px auto;
}

.lab-summary-row {
    padding:10px 0;
    border-bottom:1px solid #334155;
}

.lab-summary-label {
    font-weight:700;
    color:#94a3b8;
    display:inline-block;
    min-width:110px;
}

.result-percentage {
    margin-top:20px;
    font-size:42px;
    font-weight:800;
    color:#38bdf8;
}

.result-success {
    margin-top:20px;
    padding:15px;
    background:#166534;
    color:#dcfce7;
    border:2px solid #22c55e;
    border-radius:10px;
    font-size:21px;
    font-weight:700;
}

.result-failed {
    margin-top:20px;
    padding:15px;
    background:#991b1b;
    color:#fee2e2;
    border:2px solid #ef4444;
    border-radius:10px;
    font-size:21px;
    font-weight:700;
}
</style>
<div class="lab-summary">

<div class="lab-summary-title">LAB RESULT SUMMARY</div>

<div class="lab-summary-info">

<div class="lab-summary-row">
<span class="lab-summary-label">Student:</span>
<span>amir.test</span>
</div>

<div class="lab-summary-row">
<span class="lab-summary-label">Lab:</span>
<span>Lab 208 - Linux File Links: Hard Links and Soft Links</span>
</div>

<div class="lab-summary-row">
<span class="lab-summary-label">Total Tasks:</span>
<span>17</span>
</div>

<div class="lab-summary-row">
<span class="lab-summary-label">Passed:</span>
<span>15</span>
</div>

</div>

<div class="result-percentage">88%</div>

<div class="result-failed">
✗ LAB NEEDS ATTENTION
</div>

</div>
============================================
COUNT RESULT: TOTAL=17 PASSED=15 PERCENTAGE=88
2026-08-24 17:50:54 USER=amir.test LAB=lab208 IP=192.168.111.188 STATUS=0 OUTPUT_LINES=140
Sit tight. Validation of your lab208 is in process. Good luck.....
Warning: Permanently added '192.168.111.188' (ED25519) to the list of known hosts.
Checking Lab 208 - Linux File Links: Hard Links and Soft Links...
<div class='validation-pass'>✓ Task 1: links_lab directory structure created successfully – Pass</div>
<div class='validation-pass'>✓ Task 2: customer.txt created with required original content – Pass</div>
<div class='validation-pass'>✓ Task 3: customer hard-link workflow completed – Pass</div>
<div class='validation-pass'>✓ Task 4: hard-link inode relationship workflow completed – Pass</div>
<div class='validation-pass'>✓ Task 5: customer.txt was modified with Last Updated entry – Pass</div>
<div class='validation-pass'>✓ Task 6: customer database was modified through the hard link – Pass</div>
<div class='validation-pass'>✓ Task 7: customer symbolic-link workflow completed – Pass</div>
<div class='validation-pass'>✓ Task 8: hard-link and symbolic-link comparison workflow completed – Pass</div>
<div class='validation-pass'>✓ Task 9: application log hard-link workflow completed – Pass</div>
<div class='validation-pass'>✓ Task 10: application log symbolic-link workflow completed – Pass</div>
<div class='validation-pass'>✓ Task 11: hard link, symbolic link, and file copy behavior demonstrated – Pass</div>
<div class='validation-pass'>✓ Task 12: original customer file deletion and hard-link workflow completed – Pass</div>
<div class='validation-pass'>✓ Task 13: symbolic-link broken-target workflow completed – Pass</div>
<div class='validation-pass'>✓ Task 14: customer.txt successfully recreated with restored content – Pass</div>
<div class='validation-pass'>✓ Task 15: production_data symbolic-link workflow completed – Pass</div>
<div class='validation-pass'>✓ Task 16: symbolic-link target moved and broken-link behavior demonstrated – Pass</div>
<div class='validation-pass'>✓ Task 17: links safely removed and lab files preserved – Pass</div>
<style>
.validation-pass {
    margin:6px 0;
    padding:10px 14px;
    background:#DCFCE7;
    color:#166534;
    border-left:5px solid #22C55E;
    border-radius:6px;
    font-weight:600;
}

.validation-fail {
    margin:6px 0;
    padding:10px 14px;
    background:#FEE2E2;
    color:#991B1B;
    border-left:5px solid #EF4444;
    border-radius:6px;
    font-weight:600;
}

.lab-summary {
    margin-top:25px;
    padding:28px;
    border-radius:14px;
    text-align:center;
    background:#0f172a;
    border:2px solid #38bdf8;
    color:#fff;
}

.lab-summary-title {
    font-size:24px;
    font-weight:700;
    margin-bottom:20px;
    color:#38bdf8;
}

.lab-summary-info {
    text-align:left;
    max-width:650px;
    margin:0 auto 20px auto;
}

.lab-summary-row {
    padding:10px 0;
    border-bottom:1px solid #334155;
}

.lab-summary-label {
    font-weight:700;
    color:#94a3b8;
    display:inline-block;
    min-width:110px;
}

.result-percentage {
    margin-top:20px;
    font-size:42px;
    font-weight:800;
    color:#38bdf8;
}

.result-success {
    margin-top:20px;
    padding:15px;
    background:#166534;
    color:#dcfce7;
    border:2px solid #22c55e;
    border-radius:10px;
    font-size:21px;
    font-weight:700;
}

.result-failed {
    margin-top:20px;
    padding:15px;
    background:#991b1b;
    color:#fee2e2;
    border:2px solid #ef4444;
    border-radius:10px;
    font-size:21px;
    font-weight:700;
}
</style>
<div class="lab-summary">

<div class="lab-summary-title">LAB RESULT SUMMARY</div>

<div class="lab-summary-info">

<div class="lab-summary-row">
<span class="lab-summary-label">Student:</span>
<span>amir.test</span>
</div>

<div class="lab-summary-row">
<span class="lab-summary-label">Lab:</span>
<span>Lab 208 - Linux File Links: Hard Links and Soft Links</span>
</div>

<div class="lab-summary-row">
<span class="lab-summary-label">Total Tasks:</span>
<span>17</span>
</div>

<div class="lab-summary-row">
<span class="lab-summary-label">Passed:</span>
<span>17</span>
</div>

</div>

<div class="result-percentage">100%</div>

<div class="result-success">
✓ LAB PASSED
</div>

</div>
============================================
COUNT RESULT: TOTAL=17 PASSED=17 PERCENTAGE=100
